******************************************************************************
                  TI ARM Linker PC v16.9.2                     
******************************************************************************
>> Linked Sun Aug 13 23:45:01 2017

OUTPUT FILE NAME:   <ZCoord.out>
ENTRY POINT SYMBOL: "ResetISR"  address: 00225609


MEMORY CONFIGURATION

         name            origin    length      used     unused   attr    fill
----------------------  --------  ---------  --------  --------  ----  --------
  FLASH                 00200000   0007ffd4  0002c1d7  00053dfd  R  X
  FLASH_CCA             0027ffd4   0000000c  0000000c  00000000  R  X
  SRAM_NON_RETENTION    20000000   00004000  00000000  00004000  RW X
  SRAM_RETENTION        20004000   00004000  000032ad  00000d53  RW X


SEGMENT ALLOCATION MAP

run origin  load origin   length   init length attrs members
----------  ----------- ---------- ----------- ----- -------
00200000    00200000    0002c1d8   0002c1d8    r-x
  00200000    00200000    00000100   00000100    r-- .intvecs
  00200100    00200100    0002ad40   0002ad40    r-x .text
  0022ae40    0022ae40    000010cb   000010cb    r-- .const
  0022bf0c    0022bf0c    000000cc   000000cc    r-- .rodata
  0022bfd8    0022bfd8    00000200   00000200    r-- .cinit
0027ffd4    0027ffd4    0000000c   0000000c    r--
  0027ffd4    0027ffd4    0000000c   0000000c    r-- .flashcca
20004000    20004000    000031ae   00000000    rw-
  20004000    20004000    00000100   00000000    rw- .vtable
  20004100    20004100    0000284b   00000000    rw- .bss
  2000694c    2000694c    00000862   00000000    rw- .data
20007f00    20007f00    00000100   00000000    rw-
  20007f00    20007f00    00000100   00000000    rw- .stack


SECTION ALLOCATION MAP

 output                                  attributes/
section   page    origin      length       input sections
--------  ----  ----------  ----------   ----------------
.intvecs   0    00200000    00000100     
                  00200000    00000100     cx2538_startup_ccs.obj (.intvecs)

.text      0    00200100    0002ad40     
                  00200100    000034a0     TIMAC-CC2538.a : mac_beacon.o (.text)
                  002035a0    00002678     AllDevice.a : nwk_util.o (.text)
                  00205c18    000019b4                 : nwk.o (.text)
                  002075cc    000018f0                 : rtg.o (.text)
                  00208ebc    000016e0                 : APSMEDE.o (.text)
                  0020a59c    00000d34     zcl_sampleapps_ui.obj (.text:UI_UpdateLcd)
                  0020b2d0    00000af0     AllDevice.a : dGP_stub.o (.text)
                  0020bdc0    00000a28                 : AssocList.o (.text)
                  0020c7e8    00000914                 : NLMEDE.o (.text)
                  0020d0fc    00000834                 : APS.o (.text)
                  0020d930    00000774                 : ssp.o (.text)
                  0020e0a4    000005d8                 : aps_frag.o (.text)
                  0020e67c    00000530                 : nwk_bufs.o (.text)
                  0020ebac    000004c4     ZStackLib_Coord.lib : mac_rx.obj (.text:rxStartIsr)
                  0020f070    000004ac     AllDevice.a : AddrMgr.o (.text)
                  0020f51c    00000414                 : NLMEDE_CB.o (.text)
                  0020f930    0000039c     ZStackLib_Coord.lib : zcl.obj (.text:zcl_ProcessMessageMSG)
                  0020fccc    0000034a                         : zcl.obj (.text:zclProcessInWriteUndividedCmd)
                  00210016    00000002                         : ZDApp.obj (.text:AddrMgrWriteNVRequest)
                  00210018    00000338                         : gp_proxyTbl.obj (.text:pt_ZclReadGetProxyEntry)
                  00210350    00000330                         : ZDObject.obj (.text:ZDO_ProcessMatchDescReq)
                  00210680    0000031c                         : zmac_cb.obj (.text:MAC_CbackEvent)
                  0021099c    000002fc                         : osal_nv.obj (.text:osal_nv_write)
                  00210c98    000002f4                         : ZDObject.obj (.text:ZDO_ProcessMgmtLqiReq)
                  00210f8c    000002f4                         : ZDProfile.obj (.text:zdpProcessAddrReq)
                  00211280    000002e0     AllDevice.a : APSMEDE_CB.o (.text)
                  00211560    000002a8     ZStackLib_Coord.lib : bdb.obj (.text:bdb_reportCommissioningState)
                  00211808    000002a0                         : bdb.obj (.text:bdb_event_loop)
                  00211aa8    000002a0                         : gp_common.obj (.text:zclGp_GpProxyTableReqCB)
                  00211d48    00000290                         : mac_mcu.obj (.text:macMcuInit)
                  00211fd8    00000288                         : gp_proxyTbl.obj (.text:gp_PairingUpdateProxyTlb)
                  00212260    00000284                         : ZDObject.obj (.text:ZDMatchSendState)
                  002124e4    00000280                         : gp_common.obj (.text:gp_ZclPairingParse)
                  00212764    0000026a     AllDevice.a : reflecttrack.o (.text)
                  002129ce    00000002     cx2538_startup_ccs.obj (.text:FaultISR)
                  002129d0    00000260     ZStackLib_Coord.lib : AF.obj (.text:AF_DataRequest)
                  00212c30    00000260                         : gp_common.obj (.text:zclGp_DataIndParse)
                  00212e90    00000254                         : BindingTable.obj (.text:bindAddEntry)
                  002130e4    00000254     zcl_sampleapps_ui.obj (.text:uiActionProcessPrepareInstallCode)
                  00213338    00000248     AllDevice.a : aps_groups.o (.text)
                  00213580    00000238     ZStackLib_Coord.lib : ZDObject.obj (.text:ZDO_MatchEndDeviceBind)
                  002137b8    00000238                         : zcl.obj (.text:zclProcessInWriteCmd)
                  002139f0    00000232                         : zcl.obj (.text:zclSerializeData)
                  00213c22    00000002                         : hal_drivers.obj (.text:Hal_ProcessPoll)
                  00213c24    0000022c     AllDevice.a : aps_util.o (.text)
                  00213e50    00000228     ZStackLib_Coord.lib : gp_proxyTbl.obj (.text:gp_UpdateProxyTlb)
                  00214078    0000021c                         : ccm.obj (.text:CCMInvAuthDecryptStart)
                  00214294    00000210                         : ccm.obj (.text:CCMAuthEncryptStart)
                  002144a4    00000204                         : gp_common.obj (.text:zclGp_GpResponseCommandCB)
                  002146a8    00000200                         : bdb_FindingAndBinding.obj (.text:bdb_checkMatchingEndpoints)
                  002148a8    00000200                         : bdb.obj (.text:bdb_startResumeCommissioningProcess)
                  00214aa8    000001f8                         : osal_nv.obj (.text:compactPage)
                  00214ca0    000001ec                         : ZDApp.obj (.text:ZDApp_event_loop)
                  00214e8c    000001e8                         : mac_pib.obj (.text:MAC_MlmeSetReq)
                  00215074    000001e8                         : zcl_green_power.obj (.text:zclGp_ProcessInProxyBasic)
                  0021525c    000001e4                         : zcl_green_power.obj (.text:gp_addPairedSinksToMsgQueue)
                  00215440    000001e0                         : gp_common.obj (.text:zclGp_ManteinanceIndParse)
                  00215620    000001dc                         : osal_nv.obj (.text:xferBuf)
                  002157fc    000001d8                         : gp_common.obj (.text:gp_SecurityOperationProxy)
                  002159d4    000001d0                         : ioc.obj (.text:IOCPinConfigPeriphInput)
                  00215ba4    000001d0                         : ZDProfile.obj (.text:ZDP_SimpleDescMsg)
                  00215d74    000001d0                         : bdb.obj (.text:bdb_StartCommissioning)
                  00215f44    000001cc                         : armcm3flashutil.obj (.text:flashWrite)
                  00216110    000001c6                         : ZDObject.obj (.text:ZDO_ProcessParentAnnce)
                  002162d6    00000002     cx2538_startup_ccs.obj (.text:NmiSR)
                  002162d8    000001c0     ZStackLib_Coord.lib : ZDObject.obj (.text:ZDO_ProcessDeviceAnnce)
                  00216498    000001c0                         : osal_nv.obj (.text:writeBuf)
                  00216658    000001bc                         : osal_nv.obj (.text:initNV)
                  00216814    000001ba     AllDevice.a : ssp_hash.o (.text)
                  002169ce    00000002     ZStackLib_Coord.lib : ZDApp.obj (.text:ZDApp_NVUpdate)
                  002169d0    000001b4                         : osal_nv.obj (.text:writeItem)
                  00216b84    000001b0                         : AF.obj (.text:afIncomingData)
                  00216d34    000001ac                         : ZDApp.obj (.text:ZDO_beaconNotifyIndCB)
                  00216ee0    000001ac                         : osal_nv.obj (.text:initPage)
                  0021708c    000001a8                         : nwk_globals.obj (.text:NIB_init)
                  00217234    000001a8                         : gp_proxyTbl.obj (.text:gp_pairingSetProxyTblOptions)
                  002173dc    000001a4                         : zcl_green_power.obj (.text:zclGp_SendGpCommissioningNotificationCommand)
                  00217580    000001a0                         : hal_led.obj (.text:HalLedUpdate)
                  00217720    00000198                         : zcl_green_power.obj (.text:zclGp_SendGpNotificationCommand)
                  002178b8    00000196                         : zcl.obj (.text:zcl_SendReadRsp)
                  00217a4e    00000002                         : ZDApp.obj (.text:ZDApp_SaveNetworkStateEvt)
                  00217a50    00000194     AllDevice.a : cGP_stub.o (.text)
                  00217be4    00000194     ZStackLib_Coord.lib : zcl.obj (.text:zclParseInReadRspCmd)
                  00217d78    00000190                         : zcl.obj (.text:zcl_SendCommand)
                  00217f08    0000018c                         : mac_tx.obj (.text:macTxFrame)
                  00218094    0000018c                         : OSAL_Memory.obj (.text:osal_mem_alloc)
                  00218220    00000184                         : ZDProfile.obj (.text:ZDP_MgmtBindRsp)
                  002183a4    00000180                         : OSAL_Timers.obj (.text:osalTimerUpdate)
                  00218524    0000017e                         : zcl.obj (.text:zclProcessInDiscCmd)
                  002186a2    00000002                         : bdb.obj (.text:bdb_parentLost)
                  002186a4    00000178                         : ZDNwkMgr.obj (.text:ZDNwkMgr_ProcessMgmtNwkUpdateReq)
                  0021881c    00000178                         : ZDProfile.obj (.text:ZDP_MgmtLqiRsp)
                  00218994    00000174                         : aes.obj (.text:AESLoadKey)
                  00218b08    00000170                         : io_pin_int.obj (.text:ioPinIntRegister)
                  00218c78    00000170                         : zcl.obj (.text:zclParseInWriteCmd)
                  00218de8    0000016c                         : ZDSecMgr.obj (.text:APSME_TCLinkKeyLoad)
                  00218f54    00000168     zcl_sampleapps_ui.obj (.text:UI_MainStateMachine)
                  002190bc    00000166     ZStackLib_Coord.lib : ZDObject.obj (.text:ZDO_ParseSimpleDescBuf)
                  00219222    00000002                         : bdb.obj (.text:bdb_processTimeout)
                  00219224    00000164                         : zcl.obj (.text:zcl_event_loop)
                  00219388    0000015c                         : zcl.obj (.text:zclFindNextCmdRec)
                  002194e4    00000158                         : ZDSecMgr.obj (.text:APSME_TCLinkKeySync)
                  0021963c    00000154                         : osal_nv.obj (.text:initItem)
                  00219790    00000154                         : mac_rx.obj (.text:rxFcsIsr)
                  002198e4    0000014c                         : ZDApp.obj (.text:ZDOInitDeviceEx)
                  00219a30    0000014c     ZMain.obj (.text:zmain_ext_addr)
                  00219b7c    00000146     ZStackLib_Coord.lib : zcl.obj (.text:zclProcessInReadCmd)
                  00219cc2    00000002                         : hal_assert.obj (.text:halAssertHandler)
                  00219cc4    00000144                         : BindingTable.obj (.text:BindCopyBackupToNewNV)
                  00219e08    00000144                         : zcl.obj (.text:zclGetDataTypeLength)
                  00219f4c    00000134                         : ccm.obj (.text:CCMInvAuthDecryptGetResult)
                  0021a080    00000134                         : ZDNwkMgr.obj (.text:ZDNwkMgr_event_loop)
                  0021a1b4    00000134                         : zcl.obj (.text:zclProcessInDiscAttrsExtCmd)
                  0021a2e8    00000130                         : ZDProfile.obj (.text:ZDP_ParentAnnce)
                  0021a418    00000130                         : bdb.obj (.text:bdb_TCProcessJoiningList)
                  0021a548    00000130                         : gp_proxyTbl.obj (.text:gp_CheckAnnouncedDevice)
                  0021a678    00000130     zcl_sampleapps_ui.obj (.text:uiActionProcessConfigurePanId)
                  0021a7a8    0000012c     ZStackLib_Coord.lib : mac_rx.obj (.text:rxAddrIsr)
                  0021a8d4    00000128                         : ZDProfile.obj (.text:ZDP_NodeDescMsg)
                  0021a9fc    00000128                         : gp_proxyTbl.obj (.text:pt_updateLightweightUnicastSink)
                  0021ab24    00000124                         : gp_common.obj (.text:GP_DataInd)
                  0021ac48    00000120                         : bdb_FindingAndBinding.obj (.text:bdb_ProcessRespondentList)
                  0021ad68    00000120                         : lcd_dogm128_6.obj (.text:lcdBufferPrintString)
                  0021ae88    0000011e                         : zcl.obj (.text:zclProcessInDiscAttrsCmd)
                  0021afa6    00000002                         : armcm3flashutil.obj (.text:initFlash)
                  0021afa8    0000011c                         : hal_led.obj (.text:HalLedBlink)
                  0021b0c4    00000118                         : ZDSecMgr.obj (.text:ZDSecMgrNwkKeyInit)
                  0021b1dc    00000118                         : bdb.obj (.text:bdb_TCAddJoiningDevice)
                  0021b2f4    00000118                         : mac_csp_tx.obj (.text:macCspTxRequestAckTimeoutCallback)
                  0021b40c    00000114                         : gp_common.obj (.text:GP_SecReq)
                  0021b520    00000114                         : ZDApp.obj (.text:ZDO_NetworkFormationConfirmCB)
                  0021b634    0000010c                         : ZDSecMgr.obj (.text:APSME_TCLinkKeyInit)
                  0021b740    0000010c                         : ZDObject.obj (.text:ZDO_ProcessBindUnbindReq)
                  0021b84c    00000108                         : BindingTable.obj (.text:bindFindExisting)
                  0021b954    00000108     zcl_samplelight.obj (.text:zclSampleLight_Init)
                  0021ba5c    00000108     ZStackLib_Coord.lib : zcl.obj (.text:zcl_SendDiscoverAttrsExtRsp)
                  0021bb64    00000100                         : zcl.obj (.text:zcl_SendDiscoverCmdsRspCmd)
                  0021bc64    000000fc                         : ZDApp.obj (.text:ZDApp_ProcessSecEvent)
                  0021bd60    000000fc                         : ZDNwkMgr.obj (.text:ZDNwkMgr_BuildAndSendUpdateNotify)
                  0021be5c    000000fc                         : ZDObject.obj (.text:ZDO_ParseAddrRsp)
                  0021bf58    000000fc                         : ZDObject.obj (.text:ZDO_ProcessMgmtBindReq)
                  0021c054    000000fc                         : ZDProfile.obj (.text:ZDP_BindUnbindReq)
                  0021c150    000000fc                         : AF.obj (.text:afBuildMSGIncoming)
                  0021c24c    000000fc     zcl_sampleapps_ui.obj (.text:uiActionProcessConfigureChannels)
                  0021c348    000000f6     ZStackLib_Coord.lib : ZDObject.obj (.text:ZDO_ParseEndDeviceBindReq)
                  0021c43e    000000f6                         : zcl.obj (.text:zcl_SendDiscoverAttrsRspCmd)
                  0021c534    000000f4                         : aes.obj (.text:AESECBStart)
                  0021c628    000000f4                         : ZDNwkMgr.obj (.text:ZDNwkMgr_CheckForChannelInterference)
                  0021c71c    000000f4                         : mac_autopend.obj (.text:macSrcMatchCheckSrcAddr)
                  0021c810    000000f4     zcl_samplelight.obj (.text:zclSampleLight_AdjustLightLevel)
                  0021c904    000000f2     ZStackLib_Coord.lib : zcl.obj (.text:zcl_SendWriteRsp)
                  0021c9f6    00000002                         : mac_backoff_timer.obj (.text:macBackoffTimerCancelTrigger)
                  0021c9f8    000000f0                         : BindingTable.obj (.text:BindUpgradeTableInNV)
                  0021cae8    000000f0                         : ccm.obj (.text:CCMAuthEncryptGetResult)
                  0021cbd8    000000ec                         : ZDProfile.obj (.text:ZDP_MgmtNwkUpdateNotify)
                  0021ccc4    000000ec     ZMain.obj (.text:main)
                  0021cdb0    000000ec     ZStackLib_Coord.lib : OSAL.obj (.text:osal_run_system)
                  0021ce9c    000000e8                         : ZDApp.obj (.text:ZDApp_LeaveReset)
                  0021cf84    000000e4                         : mac_autopend.obj (.text:MAC_SrcMatchAddEntry)
                  0021d068    000000e2                         : zcl_green_power.obj (.text:zclGp_SendGpProxyTableResponse)
                  0021d14a    000000e0                         : zcl.obj (.text:zclFindNextAttrRec)
                  0021d22a    000000dc                         : bdb.obj (.text:bdb_crcBitByBitFast)
                  0021d306    00000002     rtsv7M3_T_le_eabi.lib : mpu_init.obj (.text)
                  0021d308    000000dc     ZStackLib_Coord.lib : bdb_FindingAndBinding.obj (.text:bdb_zclFindingBindingEpType)
                  0021d3e4    000000dc                         : gp_proxyTbl.obj (.text:pt_addSinkGroup)
                  0021d4c0    000000d8                         : gp_common.obj (.text:GP_RecoveryKey)
                  0021d598    000000d8                         : ZDSecMgr.obj (.text:ZDSecMgrReadKeyFromNv)
                  0021d670    000000d8                         : io_pin_int.obj (.text:ioPortAIsr)
                  0021d748    000000d8                         : io_pin_int.obj (.text:ioPortBIsr)
                  0021d820    000000d8                         : io_pin_int.obj (.text:ioPortCIsr)
                  0021d8f8    000000d8                         : io_pin_int.obj (.text:ioPortDIsr)
                  0021d9d0    000000d4                         : BindingTable.obj (.text:bindRemoveDev)
                  0021daa4    000000d4                         : mac_autopend.obj (.text:macSrcMatchSetEnableBit)
                  0021db78    000000d4                         : zcl_general.obj (.text:zclGeneral_ProcessInIdentity)
                  0021dc4c    000000d0                         : hal_led.obj (.text:HalLedOnOff)
                  0021dd1c    000000d0                         : hal_led.obj (.text:HalLedSet)
                  0021ddec    000000d0                         : ZDSecMgr.obj (.text:ZDSecMgrDeviceJoinDirect)
                  0021debc    000000cc                         : ZDApp.obj (.text:ZDO_LeaveInd)
                  0021df88    000000cc     zcl_sampleapps_ui.obj (.text:uiArrayToString)
                  0021e054    000000c8     ZStackLib_Coord.lib : ZDApp.obj (.text:ZDApp_ProcessSecMsg)
                  0021e11c    000000c8                         : ZDApp.obj (.text:ZDO_JoinIndicationCB)
                  0021e1e4    000000c8                         : gp_common.obj (.text:gp_getProxyTableByGpId)
                  0021e2ac    000000c4                         : ZDApp.obj (.text:ZDApp_ProcessMsgCBs)
                  0021e370    000000c4                         : ZDConfig.obj (.text:ZDConfig_UpdateNodeDescriptor)
                  0021e434    000000c4                         : ZDProfile.obj (.text:ZDP_IncomingData)
                  0021e4f8    000000c4     OSAL_SampleLight.obj (.text:osalInitTasks)
                  0021e5bc    000000c0     ZStackLib_Coord.lib : ZDApp.obj (.text:ZDApp_SaveNwkKey)
                  0021e67c    000000c0                         : ZDProfile.obj (.text:ZDP_EPRsp)
                  0021e73c    000000be                         : ZDSecMgr.obj (.text:ZDSecMgrUpdateDeviceInd)
                  0021e7fa    000000be                         : zcl.obj (.text:zclParseInDiscAttrsExtRspCmd)
                  0021e8b8    000000bc     zcl_sampleapps_ui.obj (.text:UI_UpdateComissioningStatus)
                  0021e974    000000bc     ZStackLib_Coord.lib : ZDApp.obj (.text:ZDApp_RestoreNwkSecMaterial)
                  0021ea30    000000bc                         : ZDSecMgr.obj (.text:ZDSecMgrSaveTCLinkKey)
                  0021eaec    000000bc                         : mac_csp_tx.obj (.text:macCspTxGoSlotted)
                  0021eba8    000000bc                         : mac_sleep.obj (.text:macSleep)
                  0021ec64    000000b8                         : ZDObject.obj (.text:ZDO_ProcessSimpleDescReq)
                  0021ed1c    000000b8                         : ZDSecMgr.obj (.text:ZDSecMgrNewDeviceEvent)
                  0021edd4    000000b8                         : bdb_FindingAndBinding.obj (.text:bdb_ProcessIEEEAddrRsp)
                  0021ee8c    000000b8     zcl_samplelight.obj (.text:zclSampleLight_event_loop)
                  0021ef44    000000b6     ZStackLib_Coord.lib : zcl.obj (.text:zclParseHdr)
                  0021effa    00000002     rtsv7M3_T_le_eabi.lib : startup.obj (.text)
                  0021effc    000000b4     ZStackLib_Coord.lib : ioc.obj (.text:IOCPadConfigSet)
                  0021f0b0    000000b4                         : ZDSecMgr.obj (.text:ZDSecMgrSetDefaultNV)
                  0021f164    000000b4                         : gp_common.obj (.text:gp_ZclProxyTableReqParse)
                  0021f218    000000b4                         : mac_backoff_timer.obj (.text:macBackoffTimerRealign)
                  0021f2cc    000000b4     zcl_samplelight.obj (.text:zclSampleLight_DefaultMove)
                  0021f380    000000b2     ZStackLib_Coord.lib : ZDObject.obj (.text:ZDO_CopyMatchInfo)
                  0021f432    00000002     --HOLE-- [fill = 0]
                  0021f434    000000b0                         : ioc.obj (.text:IOCPinConfigPeriphOutput)
                  0021f4e4    000000b0                         : ZDObject.obj (.text:ZDO_StartDevice)
                  0021f594    000000b0                         : bsp_key.obj (.text:bspKeyDirPushedISR)
                  0021f644    000000b0                         : mac_autopend.obj (.text:macSrcMatchFindEmptyEntry)
                  0021f6f4    000000ae                         : ZDObject.obj (.text:ZDO_ProcessParentAnnceRsp)
                  0021f7a2    00000002     --HOLE-- [fill = 0]
                  0021f7a4    000000ac                         : sys_ctrl.obj (.text:SysCtrlClockSet)
                  0021f850    000000ac                         : ZDProfile.obj (.text:ZDO_SendMsgCBs)
                  0021f8fc    000000ac                         : ZDSecMgr.obj (.text:ZDSecMgrSendNwkKey)
                  0021f9a8    000000ac                         : zcl.obj (.text:zcl_addExternalFoundationHandler)
                  0021fa54    000000a8                         : BindingTable.obj (.text:BindRestoreFromNV)
                  0021fafc    000000a8                         : bdb_FindingAndBinding.obj (.text:bdb_ProcessSimpleDesc)
                  0021fba4    000000a8                         : zcl.obj (.text:zclParseInDiscAttrsRspCmd)
                  0021fc4c    000000a8     zcl_samplelight.obj (.text:zclSampleLight_OnOffCB)
                  0021fcf4    000000a8     ZMain.obj (.text:zmain_dev_info)
                  0021fd9c    000000a6     ZStackLib_Coord.lib : bdb.obj (.text:bdb_AddRespondentNode)
                  0021fe42    00000002     --HOLE-- [fill = 0]
                  0021fe44    000000a4                         : sys_ctrl.obj (.text:SysCtrlClockGet)
                  0021fee8    000000a4                         : sys_ctrl.obj (.text:SysCtrlIOClockGet)
                  0021ff8c    000000a4                         : ZDApp.obj (.text:ZDApp_LeaveUpdate)
                  00220030    000000a4                         : mac_mcu.obj (.text:macMcuOverflowSetPeriod)
                  002200d4    000000a4                         : mac_mcu.obj (.text:macMcuRfIsr)
                  00220178    000000a4                         : OSAL.obj (.text:osal_msg_receive)
                  0022021c    000000a4                         : osal_nv.obj (.text:osal_nv_read)
                  002202c0    000000a4                         : mac_rx.obj (.text:rxHaltCleanupFinalStep)
                  00220364    000000a4     zcl_sampleapps_ui.obj (.text:uiActionMenuJump)
                  00220408    000000a4     zcl_samplelight_data.obj (.text:zclSampleLight_ResetAttributesToDefaultValues)
                  002204ac    000000a2     ZStackLib_Coord.lib : ZDSecMgr.obj (.text:ZDSecMgrGenerateKeyFromSeed)
                  0022054e    000000a2                         : zcl.obj (.text:zclParseInWriteRspCmd)
                  002205f0    000000a0                         : ZDSecMgr.obj (.text:ZDSecMgrDeviceJoin)
                  00220690    000000a0                         : ZDSecMgr.obj (.text:ZDSecMgrDeviceRemove)
                  00220730    000000a0                         : mac_csp_tx.obj (.text:cspPrepForTxProgram)
                  002207d0    000000a0                         : mac_mcu.obj (.text:macMcuOverflowSetCompare)
                  00220870    000000a0                         : osal_nv.obj (.text:setItem)
                  00220910    0000009c                         : ZDApp.obj (.text:ZDApp_NetworkStartEvt)
                  002209ac    0000009c                         : ZDObject.obj (.text:ZDO_ParseParentAnnce)
                  00220a48    0000009c                         : BindingTable.obj (.text:bindAddressClear)
                  00220ae4    0000009c                         : OSAL.obj (.text:osal_msg_enqueue_max)
                  00220b80    0000009c     rtsv7M3_T_le_eabi.lib : memcpy_t2.obj (.text)
                  00220c1c    0000009c     zcl_samplelight.obj (.text:zclSampleLight_ProcessIncomingMsg)
                  00220cb8    00000098     ZStackLib_Coord.lib : ZDApp.obj (.text:ZDApp_StoreNwkSecMaterial)
                  00220d50    00000098                         : ZDProfile.obj (.text:ZDP_PowerDescMsg)
                  00220de8    00000098                         : bsp_key.obj (.text:bspKeyInit)
                  00220e80    00000098                         : hal_key.obj (.text:bspKeyPushedEx)
                  00220f18    00000098                         : zcl.obj (.text:zclBuildHdr)
                  00220fb0    00000098                         : gp_common.obj (.text:zclGp_GpProxyCommissioningModeCB)
                  00221048    00000096                         : ZDObject.obj (.text:ZDO_ProcessMgmtLeaveReq)
                  002210de    00000096                         : zcl.obj (.text:zclFindAttrRec)
                  00221174    00000096                         : zcl.obj (.text:zclProcessInDiscAttrs)
                  0022120a    00000002     --HOLE-- [fill = 0]
                  0022120c    00000094                         : BindingTable.obj (.text:BindWriteNV)
                  002212a0    00000094                         : ZDProfile.obj (.text:ZDP_MgmtPermitJoinReq)
                  00221334    00000094                         : mac_csp_tx.obj (.text:cspWeventSetTriggerSymbols)
                  002213c8    00000094                         : OSAL_Timers.obj (.text:osalAddTimer)
                  0022145c    00000092                         : BindingTable.obj (.text:bindRemoveClusterIdFromList)
                  002214ee    00000002     --HOLE-- [fill = 0]
                  002214f0    00000090                         : hal_drivers.obj (.text:Hal_ProcessEvent)
                  00221580    00000090                         : BindingTable.obj (.text:InitBindingTable)
                  00221610    00000090                         : bdb.obj (.text:bdb_TCjoiningDeviceComplete)
                  002216a0    00000090                         : mac_csp_tx.obj (.text:cspWeventSetTriggerNow)
                  00221730    00000090                         : OSAL.obj (.text:osal_build_uint32)
                  002217c0    00000090     zcl_sampleapps_ui.obj (.text:uiUintToString)
                  00221850    00000090     ZStackLib_Coord.lib : gp_proxyTbl.obj (.text:zclGpp_ReadWriteAttrCB)
                  002218e0    0000008e                         : ZDObject.obj (.text:ZDO_CompareClusterLists)
                  0022196e    0000008e                         : nwk_globals.obj (.text:nwk_adjustDelay)
                  002219fc    0000008e                         : zcl.obj (.text:zclRevertWriteUndividedCmd)
                  00221a8a    0000008c                         : ssi.obj (.text:SSIConfigSetExpClk)
                  00221b16    0000008c                         : ZDObject.obj (.text:ZDO_ParseBindUnbindReq)
                  00221ba2    00000002     --HOLE-- [fill = 0]
                  00221ba4    0000008c                         : ZDProfile.obj (.text:ZDO_RegisterForZDOMsg)
                  00221c30    0000008c                         : ZDObject.obj (.text:ZDO_RemoveMatchMemory)
                  00221cbc    0000008c                         : ZDProfile.obj (.text:ZDP_NwkAddrReq)
                  00221d48    0000008c                         : zmac.obj (.text:ZMacScanReq)
                  00221dd4    0000008c                         : bdb_FindingAndBinding.obj (.text:bdb_FindIfAppCluster)
                  00221e60    0000008c                         : bdb.obj (.text:bdb_nwkJoiningFormation)
                  00221eec    0000008c                         : bdb_FindingAndBinding.obj (.text:bdb_setEpDescListToActiveEndpoint)
                  00221f78    0000008c                         : mac_radio.obj (.text:macRadioSetTxPower)
                  00222004    00000088                         : ZDObject.obj (.text:ZDO_ProcessActiveEPReq)
                  0022208c    00000088                         : zcl_green_power.obj (.text:gp_AddCmdPayloadMsgNode)
                  00222114    00000088                         : bdb.obj (.text:gp_CBInit)
                  0022219c    00000088                         : gp_common.obj (.text:gp_ProxyTblInit)
                  00222224    00000088                         : mac_radio_defs.obj (.text:macRadioTurnOnPower)
                  002222ac    00000086                         : hal_key.obj (.text:hal_key_int_keys)
                  00222332    00000002     --HOLE-- [fill = 0]
                  00222334    00000084                         : gpio.obj (.text:GPIOPowIntTypeSet)
                  002223b8    00000084                         : ZDApp.obj (.text:ZDApp_SecInit)
                  0022243c    00000084                         : ZDProfile.obj (.text:ZDP_IEEEAddrReq)
                  002224c0    00000084                         : bdb.obj (.text:bdb_TCJoiningDeviceFree)
                  00222544    00000084                         : bdb.obj (.text:bdb_ZclIdentifyCmdInd)
                  002225c8    00000084                         : BindingTable.obj (.text:bindFind)
                  0022264c    00000084                         : gp_common.obj (.text:gp_DataIndFindDuplicate)
                  002226d0    00000084                         : mac_rx_onoff.obj (.text:macRxOff)
                  00222754    00000084                         : OSAL.obj (.text:osal_msg_enqueue_push)
                  002227d8    00000084                         : zcl_general.obj (.text:zclGeneral_RegisterCmdCallbacks)
                  0022285c    00000084                         : zcl_green_power.obj (.text:zclGp_RegisterCmdCallbacks)
                  002228e0    00000084                         : zcl.obj (.text:zclWriteAttrData)
                  00222964    00000084                         : ZGlobals.obj (.text:zgPreconfigKeyInit)
                  002229e8    00000082                         : gpio.obj (.text:GPIOIntTypeSet)
                  00222a6a    00000082                         : BindingTable.obj (.text:bindAddrIndexGet)
                  00222aec    00000080                         : aes.obj (.text:AESECBGetResult)
                  00222b6c    00000080                         : interrupt.obj (.text:IntDisable)
                  00222bec    00000080                         : interrupt.obj (.text:IntEnable)
                  00222c6c    00000080                         : ZDApp.obj (.text:ZDAppDetermineDeviceType)
                  00222cec    00000080                         : ZDApp.obj (.text:ZDO_JoinConfirmCB)
                  00222d6c    00000080                         : ZDProfile.obj (.text:ZDP_DeviceAnnce)
                  00222dec    00000080                         : AF.obj (.text:afRegisterExtended)
                  00222e6c    00000080                         : ZDProfile.obj (.text:fillAndSend)
                  00222eec    00000080                         : mac_radio.obj (.text:macRadioUpdateChannel)
                  00222f6c    00000080                         : mac_autopend.obj (.text:macSrcMatchSetPendEnBit)
                  00222fec    00000080                         : mac_tx.obj (.text:macTxAckReceivedCallback)
                  0022306c    00000080                         : mac_tx.obj (.text:macTxChannelBusyCallback)
                  002230ec    00000080                         : gp_proxyTbl.obj (.text:pt_lookForGpd)
                  0022316c    00000080     zcl_ha.obj (.text:zclHA_uint8toa)
                  002231ec    00000080     zcl_samplelight.obj (.text:zclSampleLight_GetTime)
                  0022326c    0000007e     ZStackLib_Coord.lib : zmac.obj (.text:ZMacDataReqSec)
                  002232ea    00000002     --HOLE-- [fill = 0]
                  002232ec    0000007c                         : hal_key.obj (.text:HalKeyConfig)
                  00223368    0000007c                         : ZDProfile.obj (.text:ZDP_SendData)
                  002233e4    0000007c                         : bdb.obj (.text:bdb_crcInit)
                  00223460    0000007c                         : bsp_key.obj (.text:bspKeySelPushedISR)
                  002234dc    0000007c                         : osal_nv.obj (.text:calcChkB)
                  00223558    0000007c                         : hal_key.obj (.text:hal_key_keys)
                  002235d4    0000007c                         : mac_mcu.obj (.text:macMcuOverflowSetCount)
                  00223650    0000007c     zcl_samplelight.obj (.text:zclSampleLight_LevelControlStepCB)
                  002236cc    0000007c     ZStackLib_Coord.lib : zcl.obj (.text:zcl_HandleExternal)
                  00223748    0000007a                         : ZDObject.obj (.text:ZDO_ParseMgmtNwkUpdateReq)
                  002237c2    0000007a     rtsv7M3_T_le_eabi.lib : memset_t2.obj (.text)
                  0022383c    00000078     zcl_sampleapps_ui.obj (.text:UI_Init)
                  002238b4    00000078     ZStackLib_Coord.lib : ZDObject.obj (.text:ZDO_ProcessMgmtPermitJoinReq)
                  0022392c    00000078                         : BindingTable.obj (.text:bindNumReflections)
                  002239a4    00000078                         : OSAL_Memory.obj (.text:osal_mem_free)
                  00223a1c    00000078                         : zcl.obj (.text:zclFindClusterOption)
                  00223a94    00000078                         : zcl.obj (.text:zclParseInReadCmd)
                  00223b0c    00000078                         : zcl.obj (.text:zcl_registerAttrList)
                  00223b84    00000078                         : ZGlobals.obj (.text:zgInitItems)
                  00223bfc    00000076                         : hal_ccm.obj (.text:SSP_CCM_InvAuth_Decrypt)
                  00223c72    00000002     --HOLE-- [fill = 0]
                  00223c74    00000074                         : BindingTable.obj (.text:GetBindingTableEntry)
                  00223ce8    00000074                         : hal_ccm.obj (.text:SSP_CCM_Auth_Encrypt)
                  00223d5c    00000074                         : ZDApp.obj (.text:ZDApp_DeviceAuthEvt)
                  00223dd0    00000074                         : ZDApp.obj (.text:ZDApp_ProcessOSALMsg)
                  00223e44    00000074                         : ZDObject.obj (.text:ZDO_ProcessNodeDescReq)
                  00223eb8    00000074                         : ZDObject.obj (.text:ZDO_ProcessPowerDescReq)
                  00223f2c    00000074                         : zmac_cb.obj (.text:ZMacLqiAdjust)
                  00223fa0    00000074                         : BindingTable.obj (.text:bindAddrMgrLocalLoad)
                  00224014    00000074                         : bsp_key.obj (.text:bspKeyIntRegister)
                  00224088    00000074                         : mac_backoff_timer.obj (.text:macBackoffTimerSetTrigger)
                  002240fc    00000074                         : OSAL_Clock.obj (.text:osalClockUpdate)
                  00224170    00000074                         : zcl.obj (.text:zclParseInDiscCmdsRspCmd)
                  002241e4    00000072                         : gp_common.obj (.text:gp_PopulateField)
                  00224256    00000002     --HOLE-- [fill = 0]
                  00224258    00000070                         : mac_pib.obj (.text:MAC_MlmeGetReq)
                  002242c8    00000070                         : ZDNwkMgr.obj (.text:ZDNwkMgr_ProcessEDScanConfirm)
                  00224338    00000070                         : ZDSecMgr.obj (.text:ZDSecMgrEntryLookupAMI)
                  002243a8    00000070                         : bdb_FindingAndBinding.obj (.text:bdb_SendIdentifyQuery)
                  00224418    00000070                         : bdb_FindingAndBinding.obj (.text:bdb_zclFindingBindingAddBindEntry)
                  00224488    00000070                         : mac_radio.obj (.text:macRadioStartScan)
                  002244f8    00000070     rtsv7M3_T_le_eabi.lib : autoinit.obj (.text)
                  00224568    00000070     zcl_sampleapps_ui.obj (.text:uiActionStartComissioning)
                  002245d8    00000070     zcl_samplelight.obj (.text:zclSampleLight_TimeRateHelper)
                  00224648    00000070     ZStackLib_Coord.lib : zcl.obj (.text:zcl_registerCmdList)
                  002246b8    00000070                         : zcl.obj (.text:zcl_registerPlugin)
                  00224728    0000006e                         : ZDObject.obj (.text:ZDO_AnyClusterMatches)
                  00224796    0000006e                         : osal_nv.obj (.text:findItem)
                  00224804    0000006c                         : gpio.obj (.text:GPIOPowIntClear)
                  00224870    0000006c                         : hal_sys_ctrl.obj (.text:SysCtrlRunSetting)
                  002248dc    0000006c                         : ZDNwkMgr.obj (.text:ZDNwkMgr_Init)
                  00224948    0000006c                         : bdb.obj (.text:bdb_SendMsg)
                  002249b4    0000006c                         : osal_nv.obj (.text:calcChkF)
                  00224a20    0000006c                         : mac_csp_tx.obj (.text:macCspTxPrepCsmaUnslotted)
                  00224a8c    0000006c                         : mac_mcu.obj (.text:macMcuRfErrIsr)
                  00224af8    0000006c                         : mac_mcu.obj (.text:macMcuTimer2Isr)
                  00224b64    0000006c                         : mac_tx.obj (.text:macTxDoneCallback)
                  00224bd0    0000006c                         : osal_nv.obj (.text:osal_nv_item_len)
                  00224c3c    0000006c                         : zcl.obj (.text:zclWriteAttrDataUsingCB)
                  00224ca8    0000006c                         : ZGlobals.obj (.text:zgInit)
                  00224d14    0000006a                         : bdb.obj (.text:bdb_crcReflect)
                  00224d7e    0000006a                         : OSAL.obj (.text:osal_msg_enqueue)
                  00224de8    0000006a                         : zcl.obj (.text:zclGetAttrDataLength)
                  00224e52    0000006a                         : ZGlobals.obj (.text:zgWriteStartupOptions)
                  00224ebc    00000068                         : ZDApp.obj (.text:ZDO_AddrChangeIndicationCB)
                  00224f24    00000068                         : ZDObject.obj (.text:ZDO_UpdateNwkStatus)
                  00224f8c    00000068                         : ZDSecMgr.obj (.text:ZDSecMgrApsLinkKeyInit)
                  00224ff4    00000068                         : AF.obj (.text:afReflectError)
                  0022505c    00000068                         : bdb_FindingAndBinding.obj (.text:bdb_ZclIdentifyQueryCmdInd)
                  002250c4    00000068                         : BindingTable.obj (.text:bindNumOfEntries)
                  0022512c    00000068                         : bsp.obj (.text:bspSpiInit)
                  00225194    00000068                         : mac_csp_tx.obj (.text:cspReadCountSymbols)
                  002251fc    00000068     rtsv7M3_T_le_eabi.lib : copy_decompress_lzss.obj (.text:decompress:lzss)
                  00225264    00000068     ZStackLib_Coord.lib : mac_csp_tx.obj (.text:macCspTxPrepCsmaSlotted)
                  002252cc    00000068                         : mac_mcu.obj (.text:macMcuOverflowCount)
                  00225334    00000068                         : mac_radio.obj (.text:macRadioUpdateTxPower)
                  0022539c    00000068                         : OSAL.obj (.text:osal_msg_find)
                  00225404    00000068                         : osal_nv.obj (.text:osal_nv_delete)
                  0022546c    00000068                         : mac_rx.obj (.text:rxDiscardIsr)
                  002254d4    00000068                         : zcl.obj (.text:zcl_DeviceOperational)
                  0022553c    00000066                         : zcl_green_power.obj (.text:gp_AddNotificationMsgNode)
                  002255a2    00000066                         : OSAL.obj (.text:osal_msg_extract)
                  00225608    00000064     cx2538_startup_ccs.obj (.text:ResetISR)
                  0022566c    00000064     ZStackLib_Coord.lib : bdb.obj (.text:bdb_addInstallCode)
                  002256d0    00000064                         : mac_low_level.obj (.text:macLowLevelYield)
                  00225734    00000064                         : mac_sleep.obj (.text:macSleepWakeUp)
                  00225798    00000064                         : mac_tx.obj (.text:macTxStartQueuedFrame)
                  002257fc    00000062                         : gp_common.obj (.text:gp_u32CastPointer)
                  0022585e    00000002     --HOLE-- [fill = 0]
                  00225860    00000060                         : ZDProfile.obj (.text:ZDP_GenericRsp)
                  002258c0    00000060                         : gp_common.obj (.text:gp_getProxyTableByIndex)
                  00225920    00000060                         : lcd_srf06eb.obj (.text:lcdInit)
                  00225980    00000060                         : mac_mcu.obj (.text:macMcuOverflowCapture)
                  002259e0    00000060                         : mac_rx.obj (.text:macRxInit)
                  00225a40    00000060                         : OSAL.obj (.text:osal_clear_event)
                  00225aa0    00000060                         : OSAL.obj (.text:osal_set_event)
                  00225b00    00000060                         : zcl_general.obj (.text:zclGeneral_SendIdentifyQueryResponse)
                  00225b60    0000005e                         : ZGlobals.obj (.text:zgItemInit)
                  00225bbe    0000005c                         : gpio.obj (.text:GPIODirModeSet)
                  00225c1a    00000002     --HOLE-- [fill = 0]
                  00225c1c    0000005c                         : interrupt.obj (.text:IntRegister)
                  00225c78    0000005c                         : hal_sys_ctrl.obj (.text:SysCtrlDeepSleepSetting)
                  00225cd4    0000005c                         : sys_ctrl.obj (.text:SysCtrlPeripheralReset)
                  00225d30    0000005c                         : hal_sys_ctrl.obj (.text:SysCtrlSleepSetting)
                  00225d8c    0000005c     zcl_sampleapps_ui.obj (.text:UI_DeviceStateUpdated)
                  00225de8    0000005c     ZStackLib_Coord.lib : bdb.obj (.text:bdb_Init)
                  00225e44    0000005c                         : osal_nv.obj (.text:erasePage)
                  00225ea0    0000005c                         : mac_radio.obj (.text:macRadioSetChannel)
                  00225efc    0000005c                         : mac_rx.obj (.text:rxDiscardFrame)
                  00225f58    0000005c     zcl_samplelight.obj (.text:zclSampleLight_UiUpdateLcd)
                  00225fb4    0000005a     ZStackLib_Coord.lib : osal_nv.obj (.text:osal_nv_item_init)
                  0022600e    00000002     --HOLE-- [fill = 0]
                  00226010    00000058                         : interrupt.obj (.text:IntPendClear)
                  00226068    00000058                         : ZDApp.obj (.text:ZDApp_RegisterCBs)
                  002260c0    00000058                         : zmac.obj (.text:ZMacSendNoData)
                  00226118    00000058                         : bdb_FindingAndBinding.obj (.text:bdb_GetFBInitiatorStatus)
                  00226170    00000058                         : mac_mcu.obj (.text:macMcuTimerCapture)
                  002261c8    00000058                         : mac_rx_onoff.obj (.text:macRxHardDisable)
                  00226220    00000058                         : mac_rx_onoff.obj (.text:macRxOffRequest)
                  00226278    00000058                         : ZDObject.obj (.text:zdoSendStateChangeMsg)
                  002262d0    00000056                         : ZDSecMgr.obj (.text:ZDSecMgrGenerateRndKey)
                  00226326    00000056                         : OSAL.obj (.text:osal_msg_dequeue)
                  0022637c    00000056                         : OSAL_Timers.obj (.text:osal_start_reload_timer)
                  002263d2    00000056                         : saddr.obj (.text:sAddrCmp)
                  00226428    00000056                         : zcl.obj (.text:zcl_ReadAttrData)
                  0022647e    00000056                         : zcl.obj (.text:zcl_SendDefaultRspCmd)
                  002264d4    00000054                         : hal_lcd.obj (.text:HalLcd_HW_WriteLine)
                  00226528    00000054                         : interrupt.obj (.text:IntPrioritySet)
                  0022657c    00000054                         : ZDObject.obj (.text:ZDO_ConvertOTAClusters)
                  002265d0    00000054                         : ZDSecMgr.obj (.text:ZDSecMgrAddrStore)
                  00226624    00000054                         : zmac.obj (.text:ZMacReset)
                  00226678    00000054                         : AF.obj (.text:afDataConfirm)
                  002266cc    00000054                         : AF.obj (.text:afFindSimpleDesc)
                  00226720    00000054                         : BindingTable.obj (.text:bindFindEmpty)
                  00226774    00000054                         : bsp_key.obj (.text:bspKeyTimerISR)
                  002267c8    00000054                         : lcd_dogm128_6.obj (.text:lcdGotoXY)
                  0022681c    00000054                         : mac_mcu.obj (.text:macMcuTimerForceDelay)
                  00226870    00000054                         : mac_rx.obj (.text:macRxRadioPowerUpInit)
                  002268c4    00000054                         : OSAL_Memory.obj (.text:osal_mem_kick)
                  00226918    00000054     rtsv7M3_T_le_eabi.lib : exit.obj (.text)
                  0022696c    00000054     ZStackLib_Coord.lib : ZGlobals.obj (.text:zgUpgradeNVItems)
                  002269c0    00000052                         : OSAL_Timers.obj (.text:osal_stop_timerEx)
                  00226a12    00000002     --HOLE-- [fill = 0]
                  00226a14    00000050                         : mac_autopend.obj (.text:MAC_SrcMatchEnable)
                  00226a64    00000050                         : ZDSecMgr.obj (.text:ZDSecMgrAPSRemove)
                  00226ab4    00000050                         : zcl_green_power.obj (.text:gp_NotificationMsgClean)
                  00226b04    00000050                         : gp_common.obj (.text:gp_expireDuplicateFiltering)
                  00226b54    00000050                         : lcd_dogm128_6.obj (.text:lcdSendBuffer)
                  00226ba4    00000050                         : mac_rx_onoff.obj (.text:macRxDisable)
                  00226bf4    00000050                         : mac_rx.obj (.text:macRxPromiscuousMode)
                  00226c44    00000050                         : mac_tx.obj (.text:macTxAckNotReceivedCallback)
                  00226c94    00000050                         : osal_nv.obj (.text:readHdr)
                  00226ce4    00000050                         : osal_nv.obj (.text:readPgHdr)
                  00226d34    00000050                         : zcl_general.obj (.text:zclGeneral_HdlInSpecificCommands)
                  00226d84    00000050     zcl_samplelight.obj (.text:zclSampleLight_MoveBasedOnTime)
                  00226dd4    0000004e     ZStackLib_Coord.lib : OSAL_Timers.obj (.text:osal_get_timeoutEx)
                  00226e22    0000004e                         : OSAL.obj (.text:osal_isbufset)
                  00226e70    0000004c                         : gpio.obj (.text:GPIOGetIntNumber)
                  00226ebc    0000004c                         : hal_key.obj (.text:HalKeyPoll)
                  00226f08    0000004c                         : hal_lcd.obj (.text:HalLcd_HW_Clear)
                  00226f54    0000004c                         : mac_autopend.obj (.text:MAC_SrcMatchDeleteEntry)
                  00226fa0    0000004c     OnBoard.obj (.text:OnBoard_SendKeys)
                  00226fec    0000004c     ZStackLib_Coord.lib : ZDApp.obj (.text:ZDApp_SendParentAnnce)
                  00227038    0000004c                         : ZDApp.obj (.text:ZDO_LeaveCnf)
                  00227084    0000004c                         : ZDProfile.obj (.text:ZDP_SimpleDescReq)
                  002270d0    0000004c                         : AF.obj (.text:afEndPoints)
                  0022711c    0000004c                         : gp_common.obj (.text:gp_stopCommissioningMode)
                  00227168    0000004c                         : mac_backoff_timer.obj (.text:macBackoffTimerSetCount)
                  002271b4    0000004c                         : mac_mcu.obj (.text:macMcuAccumulatedOverFlow)
                  00227200    0000004c                         : mac_rx_onoff.obj (.text:macRxEnable)
                  0022724c    0000004c                         : OSAL_Timers.obj (.text:osal_start_timerEx)
                  00227298    0000004c     rtsv7M3_T_le_eabi.lib : cpy_tbl.obj (.text)
                  002272e4    0000004c     ZStackLib_Coord.lib : mac_tx.obj (.text:txAckIsrTimeout)
                  00227330    0000004c     zcl_sampleapps_ui.obj (.text:uiActionConfigureEnables)
                  0022737c    0000004c     zcl_sampleapps_ui.obj (.text:uiActionSetInstallCode)
                  002273c8    0000004c     zcl_samplelight.obj (.text:zclSampleLight_MoveBasedOnRate)
                  00227414    0000004a     ZStackLib_Coord.lib : ZDApp.obj (.text:ZDApp_SendMsg)
                  0022745e    0000004a                         : BindingTable.obj (.text:bindIsClusterIDinList)
                  002274a8    0000004a                         : mac_radio.obj (.text:radioComputeED)
                  002274f2    00000002     --HOLE-- [fill = 0]
                  002274f4    00000048                         : ZDConfig.obj (.text:ZDConfig_UpdatePowerDescriptor)
                  0022753c    00000048                         : ZDNwkMgr.obj (.text:ZDNwkMgr_ProcessChannelInterference)
                  00227584    00000048                         : ZDSecMgr.obj (.text:ZDSecMgrEntryFree)
                  002275cc    00000048                         : ZDSecMgr.obj (.text:ZDSecMgrExtAddrLookup)
                  00227614    00000048                         : ZDSecMgr.obj (.text:ZDSecMgrInitNV)
                  0022765c    00000048                         : bdb_FindingAndBinding.obj (.text:bdb_findRespondentNode)
                  002276a4    00000048                         : bdb.obj (.text:bdb_setNodeIsOnANetwork)
                  002276ec    00000048                         : gp_common.obj (.text:gp_returnOperationalChannel)
                  00227734    00000048                         : osal_nv.obj (.text:hotItem)
                  0022777c    00000048                         : osal_nv.obj (.text:hotItemUpdate)
                  002277c4    00000048                         : mac_backoff_timer.obj (.text:macBackoffTimerSetRollover)
                  0022780c    00000048                         : mac_rx_onoff.obj (.text:macRxSoftEnable)
                  00227854    00000048                         : mac_rx.obj (.text:rxPrepPayload)
                  0022789c    00000048                         : mac_tx.obj (.text:txComplete)
                  002278e4    00000048     zcl_sampleapps_ui.obj (.text:uiCreateChannelMaskString)
                  0022792c    00000048     zcl_sampleapps_ui.obj (.text:uiProcessPermitJoin)
                  00227974    00000048     ZStackLib_Coord.lib : zcl.obj (.text:zclFindPlugin)
                  002279bc    00000048                         : zcl.obj (.text:zclReadAttrDataUsingCB)
                  00227a04    00000048                         : zcl.obj (.text:zcl_getExternalFoundationHandler)
                  00227a4c    00000046                         : zcl_green_power.obj (.text:gp_CmdPayloadMsgClean)
                  00227a92    00000046                         : OSAL.obj (.text:osal_buffer_uint32)
                  00227ad8    00000046                         : OSAL.obj (.text:osal_revmemcpy)
                  00227b1e    00000046                         : zcl.obj (.text:zclReadAttrData)
                  00227b64    00000044                         : hal_sys_ctrl.obj (.text:SysCtrlWakeupSetting)
                  00227ba8    00000044                         : ZDApp.obj (.text:ZDApp_Init)
                  00227bec    00000044                         : ZDNwkMgr.obj (.text:ZDNwkMgr_EDScanConfirmCB)
                  00227c30    00000044                         : ZDObject.obj (.text:ZDO_ParseDeviceAnnce)
                  00227c74    00000044                         : bdb.obj (.text:bdb_nwkFormationAttempt)
                  00227cb8    00000044                         : gp_common.obj (.text:gp_endpointInit)
                  00227cfc    00000044                         : lcd_srf06eb.obj (.text:lcdSendArray)
                  00227d40    00000044                         : lcd_srf06eb.obj (.text:lcdSendCommand)
                  00227d84    00000044                         : lcd_srf06eb.obj (.text:lcdSendData)
                  00227dc8    00000044                         : mac_backoff_timer.obj (.text:macBackoffTimerCapture)
                  00227e0c    00000044                         : mac_backoff_timer.obj (.text:macBackoffTimerCount)
                  00227e50    00000044                         : mac_rx_onoff.obj (.text:macRxOn)
                  00227e94    00000044                         : OSAL_Timers.obj (.text:osalFindTimer)
                  00227ed8    00000044                         : saddr.obj (.text:sAddrExtCmp)
                  00227f1c    00000044     zcl_samplelight.obj (.text:zclSampleLight_LevelControlMoveCB)
                  00227f60    00000044     zcl_samplelight.obj (.text:zclSampleLight_ProcessCommissioningStatus)
                  00227fa4    00000042     ZStackLib_Coord.lib : gp_common.obj (.text:GP_ProccessCommissioningNotification)
                  00227fe6    00000042                         : mac_pib.obj (.text:macPibIndex)
                  00228028    00000042                         : OSAL.obj (.text:osal_memcmp)
                  0022806a    00000002     --HOLE-- [fill = 0]
                  0022806c    00000040                         : mac_autopend.obj (.text:MAC_SrcMatchAckAllPending)
                  002280ac    00000040                         : ZDSecMgr.obj (.text:ZDSecMgrAddrClear)
                  002280ec    00000040                         : ZDSecMgr.obj (.text:ZDSecMgrGenerateSeed)
                  0022812c    00000040                         : ZDSecMgr.obj (.text:ZDSecMgrPermitJoining)
                  0022816c    00000040                         : BindingTable.obj (.text:bindAddClusterIdToList)
                  002281ac    00000040                         : BindingTable.obj (.text:bindingAddrMgsHelperConvert)
                  002281ec    00000040                         : mac_backoff_timer.obj (.text:macBackoffTimerInit)
                  0022822c    00000040                         : mac_csp_tx.obj (.text:macCspTxGoCsma)
                  0022826c    00000040                         : mac_csp_tx.obj (.text:macCspTxStopIsr)
                  002282ac    00000040                         : mac_mcu.obj (.text:macMcuRandomWord)
                  002282ec    00000040                         : mac_mem.obj (.text:macMemReadRam)
                  0022832c    00000040                         : OSAL_Memory.obj (.text:osal_mem_init)
                  0022836c    00000040                         : OSAL.obj (.text:osal_msg_allocate)
                  002283ac    00000040     rtsv7M3_T_le_eabi.lib : boot.obj (.text)
                  002283ec    00000040     ZStackLib_Coord.lib : mac_rx.obj (.text:rxDone)
                  0022842c    00000040                         : zcl_general.obj (.text:zclGeneral_HdlIncoming)
                  0022846c    00000040                         : zcl_green_power.obj (.text:zclGp_HdlInSpecificCommands)
                  002284ac    00000040                         : zcl_green_power.obj (.text:zclGp_HdlIncoming)
                  002284ec    00000040                         : zcl.obj (.text:zclParseInDiscAttrsCmd)
                  0022852c    0000003e                         : ZDApp.obj (.text:ZDApp_InMsgCB)
                  0022856a    0000003e                         : bdb.obj (.text:bdb_zclRespondentListClean)
                  002285a8    0000003e                         : zcl.obj (.text:zclGetAttrDataLengthUsingCB)
                  002285e6    0000003e                         : zcl.obj (.text:zclSetSecurityOption)
                  00228624    0000003c                         : flash.obj (.text:FlashCacheModeSet)
                  00228660    0000003c                         : hal_adc.obj (.text:HalAdcCheckVdd)
                  0022869c    0000003c     OnBoard.obj (.text:InitBoard)
                  002286d8    0000003c     ZStackLib_Coord.lib : ZDApp.obj (.text:ZDO_ConcentratorIndicationCB)
                  00228714    0000003c                         : ZDApp.obj (.text:ZDO_NetworkDiscoveryConfirmCB)
                  00228750    0000003c                         : ZDApp.obj (.text:ZDO_SrcRtgIndCB)
                  0022878c    0000003c                         : ZDSecMgr.obj (.text:ZDSecMgrUpdateTCAddress)
                  002287c8    0000003c                         : BindingTable.obj (.text:bindingAddrMgsHelperFind)
                  00228804    0000003c                         : bsp_key.obj (.text:bspKeyTimerEnable)
                  00228840    0000003c                         : mac_csp_tx.obj (.text:macCspTxPrepSlotted)
                  0022887c    0000003c                         : mac_mem.obj (.text:macMemWriteRam)
                  002288b8    0000003c                         : OSAL.obj (.text:osal_memcpy)
                  002288f4    0000003c                         : OSAL.obj (.text:osal_msg_push)
                  00228930    0000003c                         : mac_rx.obj (.text:rxPayloadIsr)
                  0022896c    0000003c                         : zcl_general.obj (.text:zclGeneral_FindCallbacks)
                  002289a8    0000003c                         : zcl_green_power.obj (.text:zclGp_FindCallbacks)
                  002289e4    00000038                         : BindingTable.obj (.text:BindInitNV)
                  00228a1c    00000038                         : ZDApp.obj (.text:ZDApp_InitZdoCBFunc)
                  00228a54    00000038                         : ZDNwkMgr.obj (.text:ZDNwkMgr_ReportChannelInterference)
                  00228a8c    00000038                         : ZDApp.obj (.text:ZDO_StartRouterConfirmCB)
                  00228ac4    00000038                         : AF.obj (.text:afFindEndPointDescList)
                  00228afc    00000038                         : AF.obj (.text:afGetDescCB)
                  00228b34    00000038                         : AF.obj (.text:afNumEndPoints)
                  00228b6c    00000038                         : bdb.obj (.text:bdb_RegisterSimpleDescriptor)
                  00228ba4    00000038                         : bsp_key.obj (.text:bspKeyIntEnable)
                  00228bdc    00000038                         : mac_mem.obj (.text:macMemReadRxFifo)
                  00228c14    00000038                         : mac_mem.obj (.text:macMemWriteTxFifo)
                  00228c4c    00000038                         : mac_rx_onoff.obj (.text:macRxOnRequest)
                  00228c84    00000038                         : mac_rx.obj (.text:macRxThresholdIsr)
                  00228cbc    00000038                         : OSAL.obj (.text:osal_buffer_uint24)
                  00228cf4    00000038                         : zcl.obj (.text:zclFindAttrRecsList)
                  00228d2c    00000038                         : zcl.obj (.text:zclFindCmdRecsList)
                  00228d64    00000038                         : gp_common.obj (.text:zclGp_GpPairingCommandCB)
                  00228d9c    00000036                         : gp_proxyTbl.obj (.text:gp_PopulateProxyTblEntry)
                  00228dd2    00000036                         : gp_common.obj (.text:gp_u16CastPointer)
                  00228e08    00000036                         : zcl.obj (.text:zclAuthorizeRead)
                  00228e3e    00000036                         : zcl.obj (.text:zclAuthorizeWrite)
                  00228e74    00000034                         : ZDSecMgr.obj (.text:APSME_LinkKeyNVIdGet)
                  00228ea8    00000034                         : ZDNwkMgr.obj (.text:ZDNwkMgr_ProcessDataConfirm)
                  00228edc    00000034                         : armcm3flashutil.obj (.text:flashErasePage)
                  00228f10    00000034                         : hal_key.obj (.text:interrupt_keybd)
                  00228f44    00000034                         : mac_csp_tx.obj (.text:macCspForceTxDoneIfPending)
                  00228f78    00000034                         : mac_low_level.obj (.text:macLowLevelReset)
                  00228fac    00000034                         : osal_nv.obj (.text:markPage)
                  00228fe0    00000034                         : mac_mcu.obj (.text:mcuRecordMaxRssiIsr)
                  00229014    00000034                         : mac_tx.obj (.text:txCsmaPrep)
                  00229048    00000034                         : mac_tx.obj (.text:txGo)
                  0022907c    00000032                         : ZDObject.obj (.text:ZDO_ParseServerDiscRsp)
                  002290ae    00000032                         : AF.obj (.text:afAPSF_ConfigGet)
                  002290e0    00000032                         : AF.obj (.text:afDataReqMTU)
                  00229112    00000032                         : zcl.obj (.text:zclParseInDiscCmdsCmd)
                  00229144    00000032                         : zcl.obj (.text:zcl_registerReadWriteCB)
                  00229176    00000002     --HOLE-- [fill = 0]
                  00229178    00000030     cx2538_startup_ccs.obj (.text:IntDefaultHandler)
                  002291a8    00000030     ZStackLib_Coord.lib : mac_autopend.obj (.text:MAC_SrcMatchCheckResult)
                  002291d8    00000030                         : ZDApp.obj (.text:ZDApp_AnnounceNewAddress)
                  00229208    00000030                         : ZDApp.obj (.text:ZDApp_ChangeState)
                  00229238    00000030                         : ZDApp.obj (.text:ZDApp_LeaveCtrlInit)
                  00229268    00000030                         : ZDApp.obj (.text:ZDApp_LeaveCtrlSet)
                  00229298    00000030                         : ZDApp.obj (.text:ZDApp_StartJoiningCycle)
                  002292c8    00000030                         : ZDApp.obj (.text:ZDApp_StopJoiningCycle)
                  002292f8    00000030                         : ZDSecMgr.obj (.text:ZDSecMgrAppConfKeyReq)
                  00229328    00000030                         : ZDSecMgr.obj (.text:ZDSecMgrEntryLookupExt)
                  00229358    00000030                         : AF.obj (.text:afCopyAddress)
                  00229388    00000030                         : bdb.obj (.text:bdb_calculateCCITT_CRC)
                  002293b8    00000030                         : bdb_FindingAndBinding.obj (.text:bdb_getRespondentRetry)
                  002293e8    00000030                         : bsp.obj (.text:bspSpiClockSpeedSet)
                  00229418    00000030                         : mac_pib.obj (.text:macPibReset)
                  00229448    00000030                         : mac_radio.obj (.text:macRadioStopScan)
                  00229478    00000030                         : mac_tx.obj (.text:txCsmaGo)
                  002294a8    00000030     zcl_sampleapps_ui.obj (.text:uiProcessIdentifyTimeChange)
                  002294d8    00000030     ZStackLib_Coord.lib : zcl.obj (.text:zclGetClusterOption)
                  00229508    00000030     zcl_samplelight.obj (.text:zclSampleLight_ProcessInDiscAttrsExtRspCmd)
                  00229538    00000030     zcl_samplelight.obj (.text:zclSampleLight_ProcessInDiscAttrsRspCmd)
                  00229568    00000030     zcl_samplelight.obj (.text:zclSampleLight_ProcessInDiscCmdsRspCmd)
                  00229598    00000030     zcl_samplelight.obj (.text:zclSampleLight_ProcessInReadRspCmd)
                  002295c8    00000030     zcl_samplelight.obj (.text:zclSampleLight_ProcessInWriteRspCmd)
                  002295f8    0000002e     ZStackLib_Coord.lib : ZDSecMgr.obj (.text:APSME_KeyFwdToChild)
                  00229626    0000002e                         : bdb_FindingAndBinding.obj (.text:bdb_zclSimpleDescClusterListClean)
                  00229654    0000002e                         : zcl.obj (.text:zclParseInDefaultRspCmd)
                  00229682    00000002     --HOLE-- [fill = 0]
                  00229684    0000002c                         : aes.obj (.text:AESECBCheckResult)
                  002296b0    0000002c                         : ccm.obj (.text:CCMAuthEncryptCheckResult)
                  002296dc    0000002c                         : sys_ctrl.obj (.text:SysCtrlPeripheralDeepSleepDisable)
                  00229708    0000002c                         : sys_ctrl.obj (.text:SysCtrlPeripheralDisable)
                  00229734    0000002c                         : sys_ctrl.obj (.text:SysCtrlPeripheralEnable)
                  00229760    0000002c                         : sys_ctrl.obj (.text:SysCtrlPeripheralSleepDisable)
                  0022978c    0000002c                         : ZDApp.obj (.text:ZDApp_NetworkInit)
                  002297b8    0000002c                         : ZDApp.obj (.text:ZDApp_SetParentAnnceTimer)
                  002297e4    0000002c                         : ZDApp.obj (.text:ZDO_RegisterForZdoCB)
                  00229810    0000002c                         : ZDObject.obj (.text:ZDO_UpdateAddrManager)
                  0022983c    0000002c                         : zmac.obj (.text:ZMacGetReq)
                  00229868    0000002c                         : bdb.obj (.text:bdb_NotifyCommissioningModeStart)
                  00229894    0000002c                         : zcl_green_power.obj (.text:gp_CreateCmdPayloadMsgList)
                  002298c0    0000002c                         : mac_low_level.obj (.text:halIntsAreEnabled)
                  002298ec    0000002c                         : mac_radio.obj (.text:macRadioInit)
                  00229918    0000002c                         : mac_radio.obj (.text:macRadioSetPanCoordinator)
                  00229944    0000002c                         : mac_radio.obj (.text:macRadioSetPanID)
                  00229970    0000002c                         : mac_radio.obj (.text:macRadioSetShortAddr)
                  0022999c    0000002c     zcl_sampleapps_ui.obj (.text:uiActionAppSecificMenu)
                  002299c8    0000002a     ZStackLib_Coord.lib : ZDNwkMgr.obj (.text:ZDNwkMgr_ProcessMsgCBs)
                  002299f2    0000002a                         : zmac.obj (.text:ZMacStartReq)
                  00229a1c    0000002a                         : bdb.obj (.text:bdb_processZDOMgs)
                  00229a46    0000002a                         : OSAL.obj (.text:osal_msg_deallocate)
                  00229a70    0000002a                         : saddr.obj (.text:sAddrCpy)
                  00229a9a    00000028                         : flash.obj (.text:FlashMainPageErase)
                  00229ac2    00000028                         : gp_common.obj (.text:GP_ProccessNotification)
                  00229aea    00000028     OnBoard.obj (.text:OnBoard_KeyCallback)
                  00229b12    00000002     --HOLE-- [fill = 0]
                  00229b14    00000028     OnBoard.obj (.text:RegisterForKeys)
                  00229b3c    00000028     ZStackLib_Coord.lib : ZDApp.obj (.text:ZDApp_ResetTimerStart)
                  00229b64    00000028                         : ZDSecMgr.obj (.text:ZDSecMgrDeviceValidate)
                  00229b8c    00000028                         : ZDSecMgr.obj (.text:ZDSecMgrInitNVKeyTables)
                  00229bb4    00000028                         : zmac.obj (.text:ZMacSetReq)
                  00229bdc    00000028                         : bdb.obj (.text:bdb_setChannel)
                  00229c04    00000028                         : mac_rx.obj (.text:macRxAckTxDoneCallback)
                  00229c2c    00000028                         : mac_tx.obj (.text:macTxTimestampCallback)
                  00229c54    00000028                         : zcl.obj (.text:zclCalcHdrSize)
                  00229c7c    00000028     zcl_samplelight.obj (.text:zclSampleLight_LevelControlMoveToLevelCB)
                  00229ca4    00000026     ZStackLib_Coord.lib : gp_common.obj (.text:GP_DataCnf)
                  00229cca    00000026                         : AF.obj (.text:afRegister)
                  00229cf0    00000026                         : BindingTable.obj (.text:bindingAddrMgsHelperConvertShort)
                  00229d16    00000026                         : hal_aes.obj (.text:sspAesDecryptHW)
                  00229d3c    00000026                         : hal_aes.obj (.text:sspAesEncryptHW)
                  00229d62    00000002     --HOLE-- [fill = 0]
                  00229d64    00000024                         : interrupt.obj (.text:IntMasterDisable)
                  00229d88    00000024                         : interrupt.obj (.text:IntMasterEnable)
                  00229dac    00000024                         : hal_systick.obj (.text:SysTickSetup)
                  00229dd0    00000024     zcl_sampleapps_ui.obj (.text:UI_ActionBackFromAppMenu)
                  00229df4    00000024     ZStackLib_Coord.lib : ZDNwkMgr.obj (.text:ZDNwkMgr_ProcessServerDiscRsp)
                  00229e18    00000024                         : ZDNwkMgr.obj (.text:ZDNwkMgr_SetNwkManagerAddr)
                  00229e3c    00000024                         : ZDObject.obj (.text:ZDO_Init)
                  00229e60    00000024                         : ZDApp.obj (.text:ZDO_NetworkStatusCB)
                  00229e84    00000024                         : ZDSecMgr.obj (.text:ZDSecMgrDeviceValidateRM)
                  00229ea8    00000024                         : ZDSecMgr.obj (.text:ZDSecMgrInit)
                  00229ecc    00000024                         : zmac.obj (.text:ZMacInit)
                  00229ef0    00000024                         : bdb.obj (.text:bdb_CreateRespondentList)
                  00229f14    00000024                         : bdb.obj (.text:gp_ChangeChannelReq)
                  00229f38    00000024                         : zcl_green_power.obj (.text:gp_CreateNotificationMsgList)
                  00229f5c    00000024                         : zcl_green_power.obj (.text:gp_ResetProxyBasicTblEntry)
                  00229f80    00000024                         : lcd_dogm128_6.obj (.text:lcdGetStringLength)
                  00229fa4    00000024                         : mac_rx.obj (.text:macRxHaltCleanup)
                  00229fc8    00000024                         : mac_tx.obj (.text:macTxInit)
                  00229fec    00000024                         : OSAL.obj (.text:osal_init_system)
                  0022a010    00000024     zcl_samplelight.obj (.text:zclSampleLight_UpdateLedState)
                  0022a034    00000022     ZStackLib_Coord.lib : gpio.obj (.text:GPIOPinIntStatus)
                  0022a056    00000022                         : gpio.obj (.text:GPIOPinTypeGPIOInput)
                  0022a078    00000022                         : gpio.obj (.text:GPIOPinTypeGPIOOutput)
                  0022a09a    00000022                         : gpio.obj (.text:GPIOPinTypeSSI)
                  0022a0bc    00000022                         : ssi.obj (.text:SSIBusy)
                  0022a0de    00000022                         : ssi.obj (.text:SSIDataGetNonBlocking)
                  0022a100    00000022                         : ZDSecMgr.obj (.text:ZDSecMgrDeviceRemoveByExtAddr)
                  0022a122    00000022                         : mac_autopend.obj (.text:macSrcMatchCheckEnableBit)
                  0022a144    00000022                         : gp_proxyTbl.obj (.text:pt_getAlias)
                  0022a166    00000022                         : gp_proxyTbl.obj (.text:pt_getSecFrameCounterCapabilities)
                  0022a188    00000022                         : gp_proxyTbl.obj (.text:pt_getSecurity)
                  0022a1aa    00000020                         : gpio.obj (.text:GPIOPinWrite)
                  0022a1ca    00000002     --HOLE-- [fill = 0]
                  0022a1cc    00000020                         : hal_aes.obj (.text:HalAesInit)
                  0022a1ec    00000020                         : hal_lcd.obj (.text:HalLcdWriteString)
                  0022a20c    00000020                         : ZDSecMgr.obj (.text:ZDSecMgrPermitJoiningTimeout)
                  0022a22c    00000020                         : bsp.obj (.text:bsp3V3DomainEnable)
                  0022a24c    00000020                         : mac_backoff_timer.obj (.text:macBackoffTimerReset)
                  0022a26c    00000020                         : mac_csp_tx.obj (.text:macCspTxCancelAckTimeoutCallback)
                  0022a28c    00000020                         : mac_mcu.obj (.text:macMcuRandomByte)
                  0022a2ac    00000020                         : nwk_globals.obj (.text:nwk_globals_init)
                  0022a2cc    00000020                         : OSAL.obj (.text:osal_build_uint16)
                  0022a2ec    00000020     zcl_sampleapps_ui.obj (.text:uiProcessBindNotification)
                  0022a30c    0000001e     ZStackLib_Coord.lib : gpio.obj (.text:GPIOPinIntDisable)
                  0022a32a    0000001e                         : gpio.obj (.text:GPIOPinIntEnable)
                  0022a348    0000001e                         : gpio.obj (.text:GPIOPortIntRegister)
                  0022a366    0000001e                         : sys_ctrl.obj (.text:SysCtrlDelay)
                  0022a384    0000001e                         : AF.obj (.text:afFindEndPointDesc)
                  0022a3a2    0000001e                         : bdb.obj (.text:bdb_nwkSteeringDeviceOnNwk)
                  0022a3c0    0000001e                         : mac_radio.obj (.text:macRadioEnergyDetectStop)
                  0022a3de    0000001e                         : zcl.obj (.text:zclGetAuthorizeCB)
                  0022a3fc    0000001e                         : zcl.obj (.text:zclGetReadWriteCB)
                  0022a41a    00000002     --HOLE-- [fill = 0]
                  0022a41c    0000001e     ZMain.obj (.text:zmain_lcd_init)
                  0022a43a    00000002     --HOLE-- [fill = 0]
                  0022a43c    0000001c     ZStackLib_Coord.lib : hal_sys_ctrl.obj (.text:SysCtrlClockStartSetting)
                  0022a458    0000001c                         : hal_sys_ctrl.obj (.text:SysCtrlPowIntClear)
                  0022a474    0000001c                         : ZDApp.obj (.text:ZDApp_NwkStateUpdateCB)
                  0022a490    0000001c                         : ZDApp.obj (.text:ZDApp_ResetTimerCancel)
                  0022a4ac    0000001c                         : ZDApp.obj (.text:ZDO_PermitJoinCB)
[...]
0022c1b0  __TI_Handler_Table_Limit                     
0022c1c0  __TI_CINIT_Base                              
0022c1d8  __TI_CINIT_Limit                             
0027ffd4  __cca                                        
20004000  g_pfnRAMVectors                              
20005900  AssociatedDevList                            
20005bf4  TCLinkKeyFrmCntr                             
20005dd4  neighborTable                                
20005f94  rtgTable                                     
200060d4  _NIB                                         
20006148  NwkDescList                                  
2000614c  macPib                                       
200061b8  macBeaconDevice                              
200061ec  macDevice                                    
20006218  rtgSrcTable                                  
20006278  macData                                      
20006288  macTaskId                                    
2000629c  macDataTxDelay                               
200062b4  macDataRxBeaconCritical                      
200062b8  macDataTxBeaconComplete                      
200062bc  macDataSetSched                              
200062c0  macDataCheckSched                            
200062c4  macDataCheckTxTime                           
200062c8  macDataBeaconRequeue                         
2000631c  rtDiscTable                                  
2000636c  macPanCoordinator                            
2000636d  macPwr                                       
20006370  macMgmtAction1                               
2000638c  macScanAction                                
200063a4  macMgmtAction2                               
20006404  bcastTable                                   
2000644c  macCoord                                     
200064c8  BindingTable                                 
20006568  ApsLinkKeyFrmCntr                            
2000658c  bcastHoldAckMask                             
200065b0  zdoCBFunc                                    
20006654  pAssocChildAging                             
20006658  pAssocChildTableUpdateTimeout                
2000665c  pNwkNotMyChildListInit                       
20006660  pNwkNotMyChildListAging                      
20006664  pNwkNotMyChildListAdd                        
20006668  pNwkNotMyChildListDelete                     
2000666c  pNwkNotMyChildSendLeave                      
2000668c  gp_TaskID                                    
20006690  dgp_DataIndList                              
20006694  gpTxQueueList                                
20006698  GP_DataCnfGCB                                
2000669c  GP_DataIndGCB                                
200066a0  GP_SecReqGCB                                 
200066a4  rtgSrcRelayList                              
200066d0  bdb_FindingBindingTargetSimpleDesc           
200066e4  notMyChildList                               
200066f8  zclSampleLight_LocationDescription           
2000670c  pAPS_UnBind                                  
20006710  pAPS_GetBind                                 
20006714  pAPS_DataConfirmReflect                      
20006718  pAPS_DataIndReflect                          
2000672c  GP_expireDuplicateFilteringGCB               
20006730  GP_stopCommissioningModeGCB                  
20006734  GP_returnOperationalChannelGCB               
20006738  GP_aliasConflictAnnce                        
20006740  pNwkFreqAgilityScanCfg                       
20006744  pNwkFreqAgilityIncTotalTx                    
20006748  pNwkFreqAgilityIncErrorCnt                   
2000677c  macTxAckIsrTimer                             
2000678c  ZDO_Config_Node_Descriptor                   
2000679a  savedResponseRate                            
200067a8  pnwk_ScanPANChanSelect                       
200067ac  pnwk_ScanPANChanVerify                       
200067b0  pNLME_NetworkFormationConfirm                
200067e4  ZDNwkMgr_MgmtNwkUpdateReq                    
200067f0  aliasConflictAnnce                           
200067fc  bcastHoldHandle                              
20006808  zclSampleLight_DstAddr                       
20006814  ZDAppNwkAddr                                 
2000681e  ZDNwkMgr_MgmtNwkUpdateNotifyAddr             
20006830  NWK_TaskID                                   
20006831  nwkSendMTOReq                                
20006838  saveExtAddr                                  
20006848  nwkFrameCounterChanges                       
2000684c  nwkFrameCounter                              
20006868  ZDO_UseExtendedPANID                         
20006870  aExtendedAddress                             
20006878  pwrmgr_attribute                             
20006880  zgExtendedPANID                              
20006890  apsfProcessAck                               
20006894  apsfSendFragmented                           
20006898  apsfSendOsalMsg                              
200068a4  NLME_ScanFields                              
200068a8  apsGroupTable                                
200068ac  gp_macReq                                    
200068b0  GP_endpointInitGCB                           
200068b4  GP_CheckAnnouncedDeviceGCB                   
200068b8  nwkDataBufQueue                              
200068c4  distributedFrameCounter                      
200068dc  ZDO_Config_Power_Descriptor                  
200068e0  _ScanChannels                                
200068e4  bdbCommissioningProcedureState               
200068e8  epList                                       
200068ec  gp_DataIndList                               
200068f0  osal_qHead                                   
200068f4  runtimeChannel                               
200068f8  tasksEvents                                  
200068fc  timerHead                                    
20006900  zclSampleLight_CurrentLevel32                
20006904  zclSampleLight_Rate32                        
20006908  savedQueuedPollRate                          
2000690a  NLME_PermitJoining                           
2000690c  dGP_StubHandle                               
2000690d  GPEP_Handle                                  
20006912  ZDNwkMgr_TotalTransmissions                  
20006914  ZDNwkMgr_TxFailures                          
20006916  zclSampleLight_IdentifyTime                  
20006918  zclSampleLight_LevelOffTransitionTime        
2000691a  zclSampleLight_LevelOnOffTransitionTime      
2000691c  zclSampleLight_LevelOnTransitionTime         
2000691e  zclSampleLight_LevelRemainingTime            
20006923  rreqCounter                                  
20006927  Hal_KeyIntEnable                             
20006928  Hal_TaskID                                   
20006929  OnboardKeyIntEnable                          
2000692a  ZDAppTaskID                                  
2000692b  ZDApp_LeaveCtrl                              
2000692c  ZDNwkMgr_NewChannel                          
2000692d  ZDSecMgrPermitJoiningEnabled                 
2000692e  ZDSecMgrPermitJoiningTimed                   
2000692f  _tmpRejoinState                              
20006930  bdb_TaskID                                   
20006931  macPhyChannel                                
20006932  macPhyTxPower                                
20006933  macRxActive                                  
20006934  macRxEnableFlags                             
20006935  macRxFilter                                  
20006936  macRxOnFlag                                  
20006937  macRxOutgoingAckFlag                         
20006938  macTxActive                                  
20006939  macTxBe                                      
2000693a  macTxCsmaBackoffDelay                        
2000693b  macTxType                                    
2000693c  nwkStatus                                    
2000693d  zclSampleLight_DeviceEnable                  
2000693e  zclSampleLight_LevelChangeCmd                
2000693f  zclSampleLight_LevelCurrentLevel             
20006940  zclSampleLight_LevelDefaultMoveRate          
20006941  zclSampleLight_LevelLastLevel                
20006942  zclSampleLight_LevelOnLevel                  
20006943  zclSampleLight_NewLevel                      
20006944  zclSampleLight_NewLevelUp                    
20006945  zclSampleLight_OnOff                         
20006946  zclSampleLight_PhysicalEnvironment           
20006947  zclSampleLight_TaskID                        
20006948  zclSampleLight_WithOnOff                     
20006949  zcl_TaskID                                   
2000694a  zgUseDefaultTCLK                             
2000694c  lcdDefaultBuffer                             
20006d4c  macBeacon                                    
20006d6c  macMgmt                                      
20006d70  macBeaconMargin                              
20006d90  macBeaconCoord                               
20006dc8  pMacDataTx                                   
20006dcc  macMain                                      
20006dd8  macActionSet                                 
20006dfc  macStateTbl                                  
20006e28  macReset                                     
20006e44  macDataTxIndirect                            
20006e48  macDataRequeueIndirect                       
20006e4c  zgPollRate                                   
20006e50  zgSavedPollRate                              
20006e54  zgQueuedPollRate                             
20006e56  zgResponsePollRate                           
20006e58  zgRejoinPollRate                             
20006e5c  zgDefaultRejoinBackoff                       
20006e60  zgDefaultRejoinScan                          
20006e64  zgMaxDataRetries                             
20006e65  zgMaxPollFailureRetries                      
20006e68  zgDefaultChannelList                         
20006e6c  zgStackProfile                               
20006e6d  zgIndirectMsgTimeout                         
20006e6e  zgSecurityMode                               
20006e6f  zgSecurePermitJoin                           
20006e70  zgAllowRejoins                               
20006e71  zgAllowInstallCodes                          
20006e72  zgAllowRemoteTCPolicyChange                  
20006e73  zgRouteDiscoveryTime                         
20006e74  zgRouteExpiryTime                            
20006e75  zgMaxBcastRetires                            
20006e76  zgPassiveAckTimeout                          
20006e77  zgBcastDeliveryTime                          
20006e78  zgNwkMode                                    
20006e79  zgConcentratorEnable                         
20006e7a  zgConcentratorDiscoveryTime                  
20006e7b  zgConcentratorRadius                         
20006e7c  zgConcentratorRC                             
20006e7d  zgNwkSrcRtgExpiryTime                        
20006e7e  zgRouterOffAssocCleanup                      
20006e7f  zgNwkLeaveRequestAllowed                     
20006e80  zgNwkParentInformation                       
20006e81  zgNwkEndDeviceTimeoutDefault                 
20006e82  zgNwkEndDeviceLeaveTimeoutDefault            
20006e83  zgEndDeviceTimeoutValue                      
20006e84  zgEndDeviceConfiguration                     
20006e85  zgChildAgingEnable                           
20006e86  zTouchLinkNwkStartRtr                        
20006e87  zgApscMaxFrameRetries                        
20006e88  zgApscAckWaitDurationPolled                  
20006e8a  zgApsAckWaitMultiplier                       
20006e8c  zgApsDefaultMaxBindingTime                   
20006e8e  zgApsUseInsecureJoin                         
20006e8f  zgApsNonMemberRadius                         
20006e90  zgNwkCommissionedNwkAddr                     
20006e92  zgApscDupRejTimeoutInc                       
20006e94  zgApscDupRejTimeoutCount                     
20006e96  zgApsMinDupRejTableSize                      
20006e98  zgPreConfigKeys                              
20006e99  zgApsLinkKeyType                             
20006e9a  zgApsAllowR19Sec                             
20006e9b  zgSwitchCoordKey                             
20006e9c  zgSwitchCoordKeyIndex                        
20006e9e  zgConfigPANID                                
20006ea0  zgDeviceLogicalType                          
20006ea1  zgStartDelay                                 
20006ea2  zgZdoDirectCB                                
20006ea3  zgNwkMgrMinTransmissions                     
20006ea4  zgNwkMgrMode                                 
20006ea5  zgSapiEndpoint                               
20006ea6  _savedRejoinRspAddr                          
20006ee8  bdb_FB_InitiatorCurrentCyclesNumber          
20006eec  bdb_HeadEpDescriptorList                     
20006ef0  bdb_CurrEpDescriptorList                     
20006ef4  pRespondentHead                              
20006ef8  pRespondentCurr                              
20006efc  pRespondentNext                              
20006f00  bdb_initialization                           
20006f01  vDoPrimaryScan                               
20006f02  bdb_ZclTransactionSequenceNumber             
20006f03  touchLinkTargetEnabled                       
20006f14  zclGp_gppMaxProxyTableEntries                
20006f18  pZclGp_ProxyTableEntries                     
20006f1c  zclGp_gppNotificationRetryNumber             
20006f1d  zclGp_gppNotificationRetryTimer              
20006f1e  zclGp_gppMaxSearchCounter                    
20006f20  pZclGp_gppBlockedGPDID                       
20006f24  zclGp_gpSharedSecurityKeyType                
20006f26  zclGp_clusterRevision                        
20006f34  gp_commissioningOptions                      
20006f36  gp_commissioningUnicastAddress               
20006f38  zgGP_InCommissioningMode                     
20006f3a  gp_commissionerAddress                       
20006f3c  gp_tempLogicalChannel                        
20006f3d  zclGp_gppActiveFunctionality                 
20006f63  NLME_AssocPermission                         
20006f64  APS_TaskID                                   
20006f65  APS_Counter                                  
20006f66  AIB_apsUseInsecureJoin                       
20006f67  APS_AllowDataRequests                        
20006f68  AIB_MaxBindingTime                           
20006f6c  AIB_apsTrustCenterAddress                    
20006f70  pAPS_BindingTimeoutCB                        
20006f78  APS_lastDupTime                              
20006f7c  AIB_apsUseExtendedPANID                      
20006f88  pbindAddEntry                                
20006f8c  pbindNumOfEntries                            
20006f90  pbindRemoveDev                               
20006f94  pBindInitNV                                  
20006f98  pBindSetDefaultNV                            
20006f9c  pBindRestoreFromNV                           
20006fa0  pBindWriteNV                                 
20006fa4  zcl_ValidateAttrDataCB                       
20006fa8  zcl_InSeqNum                                 
20006fa9  zcl_TransID                                  
20006fc4  ZDNwkMgr_TaskID                              
20006fc5  ZDNwkMgr_MgmtNwkUpdateNotifyTransSeq         
20006fc6  ZDNwkMgr_UpdateNotifyTimer                   
20006fc8  ZDNwkMgr_NumUpdateNotifySent                 
20006fc9  ZDNwkMgr_WaitingForNotifyConfirm             
20006fcc  pZDNwkMgr_ReportChannelInterference          
20006fd0  pZDNwkMgr_ProcessDataConfirm                 
20006fd4  pZDNwkMgr_EDScanConfirmCB                    
20006fd8  pZDNwkMgr_NetworkReportCB                    
20006fdc  pZDNwkMgr_NetworkUpdateCB                    
20006fe0  macChipVersion                               
20006ff8  nwk_beaconPayloadSize                        
20006ffc  nwk_beaconPayload                            
2000700c  timerUnalignedQ                              
20007010  timerAlignedQ                                
20007020  zdappMgmtNwkDiscReqInProgress                
20007021  continueJoining                              
20007022  FrameCounterUpdated                          
20007024  ZDApp_AutoFindMode_epDesc                    
20007028  devState                                     
20007029  prevDevState                                 
2000702a  devStartMode                                 
2000702b  retryCnt                                     
2000702c  ZDApp_SavedPollRate                          
20007030  ZDApp_NewDeviceList                          
20007034  bdbAttributes                                
2000705c  zclSampleLight_SimpleDesc                    
20007084  requestNewTrustCenterLinkKey                 
20007088  requestLinkKeyTimeout                        
2000708c  ZDSecMgrTCAuthenticated                      
20007090  ZDSecMgrEntries                              
20007094  ZDSecMgrAppKeyType                           
20007095  sLightLevel                                  
200070a6  macSrcMatchIsEnabled                         
200070a7  macSrcMatchIsAckAllPending                   
200070a8  ZDApp_epDesc                                 
200070c4  OSAL_timeSeconds                             
200070c8  ZDP_TransID                                  
200070c9  childIndex                                   
200070d0  ZDP_TxOptions                                
200070d4  zdoMsgCBs                                    
20007108  zclGp_gpLinkKey                              
20007118  zclGp_gpSharedSecurityKey                    
20007128  __TI_cleanup_ptr                             
2000712c  __TI_dtors_ptr                               
20007130  __TI_enable_exit_profile_output              
20007134  APSF_taskID                                  
2000713c  pAPSF_IgnoreBlock                            
20007140  matchED                                      
20007144  apsChannelMask                               
20007148  zdpExternalStateTaskID                       
2000714c  pfnIdentifyTimeChangeCB                      
20007150  pfnBindNotificationCB                        
20007154  bdbIndentifyActiveEndpoint                   
20007155  zclGp_gppFunctionality                       
20007158  _lock                                        
2000715c  _unlock                                      
2000716c  pZMac_AppCallback                            
20007178  zgApsTrustCenterAddr                         
20007180  zgApsUseExtendedPANID                        
2000718f  AF_DataRequestDiscoverRoute                  
20007190  pSspAesEncrypt                               
20007194  g_MasterInterruptDepth                       
20007198  ZMac_ScanBuf                                 
200071a0  main_func_sp                                 
200071a9  g_ui8CurrentAESOp                            
200071ab  macSleepState                                
200071ac  gMIN_TREE_LQI                                
200071ad  zclSampleLight_GroupsNameSupport             
20007f00  __stack                                      
20008000  __STACK_END                                  
20008000  __STACK_TOP                                  
ffffffff  __TI_pprof_out_hndl                          
ffffffff  __TI_prof_data_size                          
ffffffff  __TI_prof_data_start                         
ffffffff  __binit__                                    
ffffffff  __c_args__                                   
ffffffff  binit                                        
UNDEFED   SHT$$INIT_ARRAY$$Base                        
UNDEFED   SHT$$INIT_ARRAY$$Limit                       

[1667 symbols]
